SebixUI_MONO_128x64.hpp:144:15:virtual void UIElementGeneric::backFromAbove(ContextManager*)	0	static
SebixUI_MONO_128x64.hpp:146:15:virtual void UIElementGeneric::timeIterate(ContextManager*)	0	static
SebixUI_MONO_128x64.hpp:147:15:virtual void UIElementGeneric::onTimeout(ContextManager*)	0	static
SebixUI_MONO_128x64.hpp:148:15:virtual void UIElementGeneric::onMinuteChangeIterate(ContextManager*)	0	static
TimeSet.cpp:60:6:virtual void UIParameterTimeHMS::exiting(ContextManager*)	0	static
TimeSet.hpp:24:7:UIParameterTimeHMS::~UIParameterTimeHMS()	0	static
TimeSet.cpp:27:6:virtual void UIParameterTimeHMS::initialize(ContextManager*)	16	static
TimeSet.cpp:42:6:virtual void UIParameterTimeHMS::iterate(ContextManager*)	16	static
TimeSet.cpp:65:6:virtual void UIParameterTimeHMS::paint(ContextManager*)	48	static
TimeSet.cpp:97:6:virtual void UIParameterTimeHMS::onExitKeyPressed(ContextManager*)	8	static
TimeSet.cpp:108:6:virtual void UIParameterTimeHMS::onOKKeyPressed(ContextManager*)	16	static
TimeSet.cpp:123:6:virtual void UIParameterTimeHMS::onEncoderChange(ContextManager*)	8	static
TimeSet.hpp:24:7:virtual UIParameterTimeHMS::~UIParameterTimeHMS()	8	static
TimeSet.cpp:10:1:UIParameterTimeHMS::UIParameterTimeHMS(const char*, const char*, TIME*, uint32_t)	16	static
TimeSet.cpp:23:7:TIME* UIParameterTimeHMS::getTime()	0	static
