SebixUI_MONO_128x64.hpp:146:15:virtual void UIElementGeneric::timeIterate(ContextManager*)	0	static
SebixUI_MONO_128x64.hpp:147:15:virtual void UIElementGeneric::onTimeout(ContextManager*)	0	static
SebixUI_MONO_128x64.hpp:148:15:virtual void UIElementGeneric::onMinuteChangeIterate(ContextManager*)	0	static
CodeAccess.hpp:31:15:virtual void UICodeAccess::iterate(ContextManager*)	0	static
CodeAccess.hpp:32:15:virtual void UICodeAccess::exiting(ContextManager*)	0	static
CodeAccess.hpp:25:7:UICodeAccess::~UICodeAccess()	0	static
CodeAccess.cpp:27:6:virtual void UICodeAccess::initialize(ContextManager*)	16	static
CodeAccess.cpp:39:6:virtual void UICodeAccess::backFromAbove(ContextManager*)	8	static
CodeAccess.cpp:44:6:virtual void UICodeAccess::onExitKeyPressed(ContextManager*)	8	static
CodeAccess.cpp:55:6:virtual void UICodeAccess::onOKKeyPressed(ContextManager*)	16	static
CodeAccess.cpp:72:6:virtual void UICodeAccess::onEncoderChange(ContextManager*)	8	static
CodeAccess.cpp:78:6:virtual void UICodeAccess::paint(ContextManager*)	56	static
CodeAccess.hpp:25:7:virtual UICodeAccess::~UICodeAccess()	8	static
CodeAccess.cpp:89:1:void __static_initialization_and_destruction_0(int, int)	24	static
CodeAccess.cpp:14:1:UICodeAccess::UICodeAccess(const char*, const char*, uint16_t, uint32_t)	16	static
CodeAccess.cpp:23:6:void UICodeAccess::registerChild(UIElementGeneric*)	0	static
CodeAccess.cpp:89:1:cpp)	8	static
CodeAccess.cpp:89:1:cpp)	8	static
