MCP4728.cpp:67:6:virtual void MCP4728_CHANNEL::setValue(uint16_t)	0	static
MCP4728.cpp:77:6:virtual void MCP4728_CHANNEL::init()	0	static
MCP4728.cpp:96:10:virtual uint16_t MCP4728_CHANNEL::getMaxValue()	0	static
MCP4728.hpp:54:7:MCP4728_CHANNEL::~MCP4728_CHANNEL()	0	static
MCP4728.hpp:54:7:virtual MCP4728_CHANNEL::~MCP4728_CHANNEL()	8	static
MCP4728.cpp:10:1:MCP4728::MCP4728(I2C*, uint8_t, uint32_t)	4	static
MCP4728.cpp:35:6:void MCP4728::init()	0	static
MCP4728.cpp:54:1:MCP4728_CHANNEL::MCP4728_CHANNEL(MCP4728::DAC_CH)	0	static
MCP4728.cpp:71:6:void MCP4728_CHANNEL::setMapping(int16_t, int16_t)	0	static
MCP4728.cpp:81:6:void MCP4728_CHANNEL::downloadDataStruct(uint8_t*)	0	static
MCP4728.cpp:101:6:void MCP4728_CHANNEL::setVRef(MCP4728::VREF)	0	static
MCP4728.cpp:105:6:void MCP4728_CHANNEL::setPWRDown(MCP4728::PWR_DOWN)	0	static
MCP4728.cpp:109:6:void MCP4728_CHANNEL::setGain(MCP4728::GAIN)	0	static
MCP4728.cpp:114:17:MCP4728::DAC_CH MCP4728_CHANNEL::getChannel()	0	static
MCP4728.cpp:21:6:void MCP4728::registerChannel(MCP4728_CHANNEL*)	16	static
MCP4728.cpp:117:15:MCP4728::VREF MCP4728_CHANNEL::getVRef()	0	static
MCP4728.cpp:120:19:MCP4728::PWR_DOWN MCP4728_CHANNEL::getPWRDown()	0	static
MCP4728.cpp:123:15:MCP4728::GAIN MCP4728_CHANNEL::getGain()	0	static
MCP4728.cpp:127:6:bool MCP4728_CHANNEL::isNewData()	0	static
MCP4728.cpp:25:6:void MCP4728::ref()	24	static
MCP4728.cpp:39:6:void MCP4728::iterate(uint32_t)	16	static
