TimerPWM.cpp:12:1:TimerPWM::TimerPWM(TIM_TypeDef*, uint16_t, uint16_t, TimerPWM::CounterMode, TimerPWM::ClockDivision, TimerPWM::AutoReloadPreload)	4	static
TimerPWM.cpp:21:6:void TimerPWM::init()	8	static
TimerPWM.cpp:25:20:TIM_HandleTypeDef* TimerPWM::getHandler()	0	static
TimerPWM.cpp:29:6:void TimerPWM::setPrescaler(uint16_t)	16	static
TimerPWM.cpp:35:6:void TimerPWM::setPeroid(uint16_t)	16	static
TimerPWM.cpp:41:10:uint16_t TimerPWM::getPeroid()	0	static
TimerPWM.cpp:49:1:TimerPWMChannel::TimerPWMChannel(TimerPWM*, PIN*, TimerPWMChannel::Channel, TimerPWMChannel::Mode)	8	static
TimerPWM.cpp:61:6:void TimerPWMChannel::init()	32	static
TimerPWM.cpp:72:6:void TimerPWMChannel::set(uint16_t)	8	static
TimerPWM.cpp:76:10:uint16_t TimerPWMChannel::get()	8	static
TimerPWM.cpp:88:6:void TimerPWMChannel::enable()	8	static
TimerPWM.cpp:91:6:void TimerPWMChannel::disable()	8	static
TimerPWM.cpp:95:11:TimerPWM* TimerPWMChannel::getTimer()	0	static
TimerPWM.cpp:81:6:void TimerPWMChannel::setPercent(uint8_t)	16	static
TimerPWM.cpp:99:21:TIM_OC_InitTypeDef* TimerPWMChannel::getInitStructure()	0	static
