SPI.hpp:19:15:virtual void SPI_EventListener::onGlobalInterrupt()	0	static
SPI.hpp:20:15:virtual void SPI_EventListener::onDMATxHalfCmplt()	0	static
SPI.hpp:22:15:virtual void SPI_EventListener::onDMARxHalfCmplt()	0	static
SPI.hpp:23:15:virtual void SPI_EventListener::onDMARxCmplt()	0	static
WDO0066.cpp:73:6:virtual void WDO0066::setBacklight(bool)	8	static
WDO0066.cpp:80:6:virtual void WDO0066::cls()	0	static
WDO0066.cpp:130:6:virtual void WDO0066::setPix(int16_t, int16_t, bool)	4	static
WDO0066.hpp:92:7:WDO0066::~WDO0066()	0	static
WDO0066.hpp:92:7:virtual WDO0066::~WDO0066()	8	static
WDO0066.cpp:60:6:virtual void WDO0066::iterate()	8	static
WDO0066.hpp:92:7:virtual void* WDO0066::_ZThn4_N7WDO0066D1Ev()	0	static
WDO0066.hpp:92:7:virtual void* WDO0066::_ZThn4_N7WDO0066D0Ev()	8	static
WDO0066.cpp:116:6:void WDO0066::copyBuffer()	8	static
WDO0066.cpp:148:6:void WDO0066::sendCommand(uint8_t)	24	static
WDO0066.cpp:22:6:virtual bool WDO0066::init()	40	static
WDO0066.cpp:67:6:virtual void WDO0066::setContrast(uint8_t)	16	static
WDO0066.cpp:143:6:void WDO0066::setReverse(int16_t)	8	static
WDO0066.cpp:156:6:void WDO0066::sendData(uint8_t*, int)	24	static
WDO0066.cpp:177:1:SPI_DATA_BLOCK::SPI_DATA_BLOCK()	0	static
WDO0066.cpp:10:1:WDO0066::WDO0066(SPI*, PIN*, PIN*, PIN*, OUTPUT_BASIC*)	120	static
WDO0066.cpp:184:6:void SPI_DATA_BLOCK::makeData(uint16_t, uint8_t*)	0	static
WDO0066.cpp:190:6:void SPI_DATA_BLOCK::makeCommand(uint16_t, uint8_t, uint8_t, uint8_t, uint8_t, uint8_t)	4	static
WDO0066.cpp:202:6:bool SPI_DATA_BLOCK::isCommand()	0	static
WDO0066.cpp:205:10:uint8_t* SPI_DATA_BLOCK::getBytes()	8	static
WDO0066.cpp:209:10:uint16_t SPI_DATA_BLOCK::getSize()	0	static
WDO0066.cpp:125:6:void WDO0066::sendDMABlock(SPI_DATA_BLOCK*)	16	static
WDO0066.cpp:212:6:bool SPI_DATA_BLOCK::isEmpty()	0	static
WDO0066.cpp:162:6:virtual void WDO0066::onDMATxCmplt()	16	static
WDO0066.cpp:215:6:void SPI_DATA_BLOCK::makeEmpty()	0	static
WDO0066.cpp:86:6:virtual bool WDO0066::ref()	32	static
