SebixUI_MONO_128x64.hpp:144:15:virtual void UIElementGeneric::backFromAbove(ContextManager*)	0	static
SebixUI_MONO_128x64.hpp:146:15:virtual void UIElementGeneric::timeIterate(ContextManager*)	0	static
SebixUI_MONO_128x64.hpp:147:15:virtual void UIElementGeneric::onTimeout(ContextManager*)	0	static
MenuElements.cpp:41:9:virtual uint8_t UIMenuElements::getLength()	0	static
MenuElements.hpp:19:7:UIMenuElements::~UIMenuElements()	0	static
MenuElements.cpp:15:6:virtual void UIMenuElements::onExitKeyPressed(ContextManager*)	8	static
MenuElements.hpp:19:7:virtual UIMenuElements::~UIMenuElements()	8	static
MenuElements.cpp:10:1:UIMenuElements::UIMenuElements(const char*, uint32_t)	8	static
MenuElements.cpp:30:6:void UIMenuElements::addElement(UIElementGeneric*)	0	static
MenuElements.cpp:37:19:UIElementGeneric* UIMenuElements::getUnit(uint8_t)	0	static
MenuElements.cpp:19:6:virtual void UIMenuElements::onOKKeyPressed(ContextManager*)	16	static
MenuElements.cpp:45:7:virtual char* UIMenuElements::getPositionName(uint8_t)	8	static
MenuElements.cpp:49:6:virtual bool UIMenuElements::isPositionEnabled(uint8_t)	8	static
MenuElements.cpp:53:6:virtual bool UIMenuElements::isPositionCheckbox(uint8_t)	8	static
MenuElements.cpp:57:6:virtual bool UIMenuElements::isPositionCheckboxChecked(uint8_t)	16	static
MenuElements.cpp:64:6:virtual bool UIMenuElements::isPositionText(uint8_t)	8	static
MenuElements.cpp:68:6:virtual bool UIMenuElements::isPositionLineUp(uint8_t)	16	static
MenuElements.cpp:75:6:virtual bool UIMenuElements::isPositionLineDown(uint8_t)	16	static
