ButtonClick.hpp:17:7:BUTTON_CLICK::~BUTTON_CLICK()	0	static
ButtonClick.hpp:17:7:virtual BUTTON_CLICK::~BUTTON_CLICK()	8	static
ButtonClick.cpp:10:1:BUTTON_CLICK::BUTTON_CLICK(PIN*, uint8_t, INPUT_PIN::PULL, INPUT_BASIC::LOGIC)	24	static
ButtonClick.cpp:41:6:void BUTTON_CLICK::configFader(uint32_t, uint32_t, uint32_t, uint32_t)	0	static
ButtonClick.cpp:48:6:void BUTTON_CLICK::configMultiClick(uint32_t)	0	static
ButtonClick.cpp:51:6:void BUTTON_CLICK::configLongClick(uint32_t)	0	static
ButtonClick.cpp:113:6:bool BUTTON_CLICK::isAction(BUTTON_CLICK::ACTION)	16	static
ButtonClick.cpp:55:6:bool BUTTON_CLICK::isReleased()	8	static
ButtonClick.cpp:59:6:bool BUTTON_CLICK::isPressed()	8	static
ButtonClick.cpp:63:9:uint8_t BUTTON_CLICK::isMultiClick(uint8_t)	16	static
ButtonClick.cpp:80:6:bool BUTTON_CLICK::isLongHolding()	8	static
ButtonClick.cpp:87:6:bool BUTTON_CLICK::isLongPress(uint16_t)	16	static
ButtonClick.cpp:100:6:bool BUTTON_CLICK::isLongClick(uint16_t, uint16_t)	24	static
ButtonClick.cpp:126:22:BUTTON_CLICK::ACTION BUTTON_CLICK::getAction()	0	static
ButtonClick.cpp:136:6:bool BUTTON_CLICK::isFader()	24	static
ButtonClick.cpp:161:6:bool BUTTON_CLICK::isClicked()	0	static
ButtonClick.cpp:171:6:void BUTTON_CLICK::iterate(uint32_t)	16	static
