Button.hpp:19:7:BUTTON::~BUTTON()	0	static
Button.hpp:19:7:virtual BUTTON::~BUTTON()	8	static
Button.cpp:10:1:BUTTON::BUTTON(PIN*, uint16_t, INPUT_PIN::PULL, INPUT_BASIC::LOGIC)	16	static
Button.cpp:34:6:void BUTTON::init()	8	static
Button.cpp:43:6:void BUTTON::configActionValidTime(uint32_t)	0	static
Button.cpp:47:6:void BUTTON::registerBuzzer(OUTPUT_ADVENCED*, uint8_t)	0	static
Button.cpp:51:6:void BUTTON::registerMusic(MusicPlayer*, Song*)	0	static
Button.cpp:76:16:BUTTON::ACTION BUTTON::getAction()	0	static
Button.cpp:84:6:void BUTTON::buzz()	8	static
Button.cpp:65:6:bool BUTTON::isAction(BUTTON::ACTION)	8	static
Button.cpp:56:6:bool BUTTON::isReleased()	8	static
Button.cpp:60:6:bool BUTTON::isPressed()	8	static
Button.cpp:89:6:void BUTTON::iterate(uint32_t)	16	static
Button.cpp:114:6:void BUTTON::disable()	0	static
Button.cpp:118:6:void BUTTON::enable()	0	static
