stm32wlxx_hal_irda.c:2529:13:IRDA_EndTxTransfer	0	static
stm32wlxx_hal_irda.c:2545:13:IRDA_EndRxTransfer	0	static
stm32wlxx_hal_irda.c:2888:13:IRDA_Transmit_IT	0	static
stm32wlxx_hal_irda.c:2360:26:IRDA_SetConfig	8	static
stm32wlxx_hal_irda.c:2495:26:IRDA_WaitOnFlagUntilTimeout	32	static
stm32wlxx_hal_irda.c:2444:26:IRDA_CheckIdleState	24	static
stm32wlxx_hal_irda.c:435:13:HAL_IRDA_MspInit	0	static
stm32wlxx_hal_irda.c:327:19:HAL_IRDA_Init	8	static
stm32wlxx_hal_irda.c:451:13:HAL_IRDA_MspDeInit	0	static
stm32wlxx_hal_irda.c:392:19:HAL_IRDA_DeInit	8	static
stm32wlxx_hal_irda.c:806:19:HAL_IRDA_Transmit	32	static
stm32wlxx_hal_irda.c:916:19:HAL_IRDA_Receive	40	static
stm32wlxx_hal_irda.c:1027:19:HAL_IRDA_Transmit_IT	0	static
stm32wlxx_hal_irda.c:1093:19:HAL_IRDA_Receive_IT	0	static
stm32wlxx_hal_irda.c:1166:19:HAL_IRDA_Transmit_DMA	8	static
stm32wlxx_hal_irda.c:1267:19:HAL_IRDA_Receive_DMA	8	static
stm32wlxx_hal_irda.c:1356:19:HAL_IRDA_DMAPause	0	static
stm32wlxx_hal_irda.c:1394:19:HAL_IRDA_DMAResume	0	static
stm32wlxx_hal_irda.c:1429:19:HAL_IRDA_DMAStop	8	static
stm32wlxx_hal_irda.c:1506:19:HAL_IRDA_Abort	8	static
stm32wlxx_hal_irda.c:1592:19:HAL_IRDA_AbortTransmit	8	static
stm32wlxx_hal_irda.c:1644:19:HAL_IRDA_AbortReceive	8	static
stm32wlxx_hal_irda.c:2148:13:HAL_IRDA_TxCpltCallback	0	static
stm32wlxx_hal_irda.c:2562:13:IRDA_DMATransmitCplt	8	static
stm32wlxx_hal_irda.c:2927:13:IRDA_EndTransmit_IT	8	static
stm32wlxx_hal_irda.c:2164:13:HAL_IRDA_TxHalfCpltCallback	0	static
stm32wlxx_hal_irda.c:2598:13:IRDA_DMATransmitHalfCplt	8	static
stm32wlxx_hal_irda.c:2180:13:HAL_IRDA_RxCpltCallback	0	static
stm32wlxx_hal_irda.c:2617:13:IRDA_DMAReceiveCplt	8	static
stm32wlxx_hal_irda.c:2952:13:IRDA_Receive_IT	8	static
stm32wlxx_hal_irda.c:2196:13:HAL_IRDA_RxHalfCpltCallback	0	static
stm32wlxx_hal_irda.c:2653:13:IRDA_DMAReceiveHalfCplt	8	static
stm32wlxx_hal_irda.c:2212:13:HAL_IRDA_ErrorCallback	0	static
stm32wlxx_hal_irda.c:2672:13:IRDA_DMAError	8	static
stm32wlxx_hal_irda.c:1988:6:HAL_IRDA_IRQHandler	16	static
stm32wlxx_hal_irda.c:2712:13:IRDA_DMAAbortOnError	8	static
stm32wlxx_hal_irda.c:2228:13:HAL_IRDA_AbortCpltCallback	0	static
stm32wlxx_hal_irda.c:1702:19:HAL_IRDA_Abort_IT	8	static
stm32wlxx_hal_irda.c:2783:13:IRDA_DMARxAbortCallback	8	static
stm32wlxx_hal_irda.c:2735:13:IRDA_DMATxAbortCallback	8	static
stm32wlxx_hal_irda.c:2244:13:HAL_IRDA_AbortTransmitCpltCallback	0	static
stm32wlxx_hal_irda.c:1834:19:HAL_IRDA_AbortTransmit_IT	8	static
stm32wlxx_hal_irda.c:2831:13:IRDA_DMATxOnlyAbortCallback	8	static
stm32wlxx_hal_irda.c:2260:13:HAL_IRDA_AbortReceiveCpltCallback	0	static
stm32wlxx_hal_irda.c:1912:19:HAL_IRDA_AbortReceive_IT	8	static
stm32wlxx_hal_irda.c:2858:13:IRDA_DMARxOnlyAbortCallback	8	static
stm32wlxx_hal_irda.c:2299:23:HAL_IRDA_GetState	0	static
stm32wlxx_hal_irda.c:2316:10:HAL_IRDA_GetError	0	static
