stm32wlxx_hal_dac.c:340:19:HAL_DAC_Init	16	static
stm32wlxx_hal_dac.c:397:19:HAL_DAC_DeInit	16	static
stm32wlxx_hal_dac.c:442:13:HAL_DAC_MspInit	16	static
stm32wlxx_hal_dac.c:458:13:HAL_DAC_MspDeInit	16	static
stm32wlxx_hal_dac.c:499:19:HAL_DAC_Start	16	static
stm32wlxx_hal_dac.c:539:19:HAL_DAC_Stop	16	static
stm32wlxx_hal_dac.c:570:19:HAL_DAC_Start_DMA	32	static
stm32wlxx_hal_dac.c:653:19:HAL_DAC_Stop_DMA	24	static
stm32wlxx_hal_dac.c:698:6:HAL_DAC_IRQHandler	16	static
stm32wlxx_hal_dac.c:742:19:HAL_DAC_SetValue	32	static
stm32wlxx_hal_dac.c:770:13:HAL_DAC_ConvCpltCallbackCh1	16	static
stm32wlxx_hal_dac.c:786:13:HAL_DAC_ConvHalfCpltCallbackCh1	16	static
stm32wlxx_hal_dac.c:802:13:HAL_DAC_ErrorCallbackCh1	16	static
stm32wlxx_hal_dac.c:818:13:HAL_DAC_DMAUnderrunCallbackCh1	16	static
stm32wlxx_hal_dac.c:856:10:HAL_DAC_GetValue	16	static
stm32wlxx_hal_dac.c:875:19:HAL_DAC_ConfigChannel	40	static
stm32wlxx_hal_dac.c:1017:22:HAL_DAC_GetState	16	static
stm32wlxx_hal_dac.c:1030:10:HAL_DAC_GetError	16	static
stm32wlxx_hal_dac.c:1254:6:DAC_DMAConvCpltCh1	24	static
stm32wlxx_hal_dac.c:1273:6:DAC_DMAHalfConvCpltCh1	24	static
stm32wlxx_hal_dac.c:1290:6:DAC_DMAErrorCh1	24	static
