stm32wlxx_hal_comp.c:495:13:HAL_COMP_MspInit	0	static
stm32wlxx_hal_comp.c:233:19:HAL_COMP_Init	24	static
stm32wlxx_hal_comp.c:510:13:HAL_COMP_MspDeInit	0	static
stm32wlxx_hal_comp.c:446:19:HAL_COMP_DeInit	16	static
stm32wlxx_hal_comp.c:704:19:HAL_COMP_Start	8	static
stm32wlxx_hal_comp.c:756:19:HAL_COMP_Stop	0	static
stm32wlxx_hal_comp.c:859:19:HAL_COMP_Lock	0	static
stm32wlxx_hal_comp.c:920:10:HAL_COMP_GetOutputLevel	0	static
stm32wlxx_hal_comp.c:934:13:HAL_COMP_TriggerCallback	0	static
stm32wlxx_hal_comp.c:798:6:HAL_COMP_IRQHandler	8	static
stm32wlxx_hal_comp.c:968:23:HAL_COMP_GetState	0	static
stm32wlxx_hal_comp.c:988:10:HAL_COMP_GetError	0	static
