stm32wlxx_hal_usart_ex.c:498:13:USARTEx_SetNbDataToProcess	8	static
stm32wlxx_hal_usart_ex.c:109:13:HAL_USARTEx_RxFifoFullCallback	0	static
stm32wlxx_hal_usart_ex.c:124:13:HAL_USARTEx_TxFifoEmptyCallback	0	static
stm32wlxx_hal_usart_ex.c:174:19:HAL_USARTEx_EnableSlaveMode	4	static
stm32wlxx_hal_usart_ex.c:222:19:HAL_USARTEx_DisableSlaveMode	4	static
stm32wlxx_hal_usart_ex.c:270:19:HAL_USARTEx_ConfigNSS	8	static
stm32wlxx_hal_usart_ex.c:308:19:HAL_USARTEx_EnableFifoMode	16	static
stm32wlxx_hal_usart_ex.c:349:19:HAL_USARTEx_DisableFifoMode	4	static
stm32wlxx_hal_usart_ex.c:395:19:HAL_USARTEx_SetTxFifoThreshold	16	static
stm32wlxx_hal_usart_ex.c:444:19:HAL_USARTEx_SetRxFifoThreshold	16	static
