stm32wlxx_ll_pwr.h:392:26:LL_PWR_GetRegulVoltageScaling	4	static
stm32wlxx_ll_rcc.h:1040:22:LL_RCC_HSE_Enable	4	static
stm32wlxx_ll_rcc.h:1060:26:LL_RCC_HSE_IsReady	4	static
stm32wlxx_ll_rcc.h:1109:22:LL_RCC_HSI_Enable	4	static
stm32wlxx_ll_rcc.h:1129:26:LL_RCC_HSI_IsReady	4	static
stm32wlxx_ll_rcc.h:1428:22:LL_RCC_MSI_Enable	4	static
stm32wlxx_ll_rcc.h:1448:26:LL_RCC_MSI_IsReady	4	static
stm32wlxx_ll_rcc.h:1497:26:LL_RCC_MSI_IsEnabledRangeSelect	4	static
stm32wlxx_ll_rcc.h:1542:26:LL_RCC_MSI_GetRange	4	static
stm32wlxx_ll_rcc.h:1571:26:LL_RCC_MSI_GetRangeAfterStandby	4	static
stm32wlxx_ll_rcc.h:1731:22:LL_RCC_SetSysClkSource	16	static
stm32wlxx_ll_rcc.h:1745:26:LL_RCC_GetSysClkSource	4	static
stm32wlxx_ll_rcc.h:1771:22:LL_RCC_SetAHBPrescaler	16	static
stm32wlxx_ll_rcc.h:1823:22:LL_RCC_SetAHB3Prescaler	16	static
stm32wlxx_ll_rcc.h:1839:22:LL_RCC_SetAPB1Prescaler	16	static
stm32wlxx_ll_rcc.h:1855:22:LL_RCC_SetAPB2Prescaler	16	static
stm32wlxx_ll_rcc.h:1879:26:LL_RCC_GetAHBPrescaler	4	static
stm32wlxx_ll_rcc.h:1929:26:LL_RCC_GetAHB3Prescaler	4	static
stm32wlxx_ll_rcc.h:2391:22:LL_RCC_PLL_Enable	4	static
stm32wlxx_ll_rcc.h:2412:26:LL_RCC_PLL_IsReady	4	static
stm32wlxx_ll_rcc.h:2450:22:LL_RCC_PLL_ConfigDomain_SYS	24	static
stm32wlxx_ll_rcc.h:2774:22:LL_RCC_PLL_EnableDomain_SYS	4	static
stm32wlxx_ll_system.h:1581:22:LL_FLASH_SetLatency	16	static
stm32wlxx_ll_system.h:1594:26:LL_FLASH_GetLatency	4	static
stm32wlxx_ll_utils.h:279:22:LL_InitTick	16	static
stm32wlxx_ll_utils.c:169:8:LL_Init1msTick	16	static
stm32wlxx_ll_utils.c:186:6:LL_mDelay	24	static
stm32wlxx_ll_utils.c:263:6:LL_SetSystemCoreClock	16	static
stm32wlxx_ll_utils.c:278:13:LL_SetFlashLatency	72	static
stm32wlxx_ll_utils.c:375:13:LL_PLL_ConfigSystemClock_MSI	32	static
stm32wlxx_ll_utils.c:499:13:LL_PLL_ConfigSystemClock_HSI	24	static
stm32wlxx_ll_utils.c:571:13:LL_PLL_ConfigSystemClock_HSE	24	static
stm32wlxx_ll_utils.c:648:17:UTILS_GetPLLOutputFrequency	24	static
stm32wlxx_ll_utils.c:678:20:UTILS_PLL_IsBusy	16	static
stm32wlxx_ll_utils.c:700:20:UTILS_EnablePLLAndSwitchSystem	32	static
