stm32wlxx_hal_usart.c:2665:13:USART_EndTransfer	0	static
stm32wlxx_hal_usart.c:3159:13:USART_TxISR_8BIT	0	static
stm32wlxx_hal_usart.c:3194:13:USART_TxISR_16BIT	0	static
stm32wlxx_hal_usart.c:3230:13:USART_TxISR_8BIT_FIFOEN	0	static
stm32wlxx_hal_usart.c:3275:13:USART_TxISR_16BIT_FIFOEN	0	static
stm32wlxx_hal_usart.c:3005:26:USART_SetConfig	8	static
stm32wlxx_hal_usart.c:2977:26:USART_WaitOnFlagUntilTimeout	32	static
stm32wlxx_hal_usart.c:3109:26:USART_CheckIdleState	24	static
stm32wlxx_hal_usart.c:380:13:HAL_USART_MspInit	0	static
stm32wlxx_hal_usart.c:276:19:HAL_USART_Init	8	static
stm32wlxx_hal_usart.c:395:13:HAL_USART_MspDeInit	0	static
stm32wlxx_hal_usart.c:337:19:HAL_USART_DeInit	16	static
stm32wlxx_hal_usart.c:756:19:HAL_USART_Transmit	32	static
stm32wlxx_hal_usart.c:871:19:HAL_USART_Receive	40	static
stm32wlxx_hal_usart.c:1001:19:HAL_USART_TransmitReceive	48	static
stm32wlxx_hal_usart.c:1166:19:HAL_USART_Transmit_IT	0	static
stm32wlxx_hal_usart.c:1267:19:HAL_USART_Receive_IT	0	static
stm32wlxx_hal_usart.c:1389:19:HAL_USART_TransmitReceive_IT	4	static
stm32wlxx_hal_usart.c:1506:19:HAL_USART_Transmit_DMA	16	static
stm32wlxx_hal_usart.c:1610:19:HAL_USART_Receive_DMA	24	static
stm32wlxx_hal_usart.c:1746:19:HAL_USART_TransmitReceive_DMA	24	static
stm32wlxx_hal_usart.c:1876:19:HAL_USART_DMAPause	0	static
stm32wlxx_hal_usart.c:1923:19:HAL_USART_DMAResume	0	static
stm32wlxx_hal_usart.c:1967:19:HAL_USART_DMAStop	8	static
stm32wlxx_hal_usart.c:2027:19:HAL_USART_Abort	8	static
stm32wlxx_hal_usart.c:2484:13:HAL_USART_TxCpltCallback	0	static
stm32wlxx_hal_usart.c:2681:13:USART_DMATransmitCplt	8	static
stm32wlxx_hal_usart.c:2499:13:HAL_USART_TxHalfCpltCallback	0	static
stm32wlxx_hal_usart.c:2721:13:USART_DMATxHalfCplt	8	static
stm32wlxx_hal_usart.c:2514:13:HAL_USART_RxCpltCallback	0	static
stm32wlxx_hal_usart.c:2529:13:HAL_USART_RxHalfCpltCallback	0	static
stm32wlxx_hal_usart.c:2814:13:USART_DMARxHalfCplt	8	static
stm32wlxx_hal_usart.c:2544:13:HAL_USART_TxRxCpltCallback	0	static
stm32wlxx_hal_usart.c:3375:13:USART_RxISR_8BIT	8	static
stm32wlxx_hal_usart.c:3466:13:USART_RxISR_16BIT	8	static
stm32wlxx_hal_usart.c:3559:13:USART_RxISR_8BIT_FIFOEN	24	static
stm32wlxx_hal_usart.c:3692:13:USART_RxISR_16BIT_FIFOEN	24	static
stm32wlxx_hal_usart.c:2739:13:USART_DMAReceiveCplt	8	static
stm32wlxx_hal_usart.c:3318:13:USART_EndTransmit_IT	8	static
stm32wlxx_hal_usart.c:2559:13:HAL_USART_ErrorCallback	0	static
stm32wlxx_hal_usart.c:2832:13:USART_DMAError	8	static
stm32wlxx_hal_usart.c:2254:6:HAL_USART_IRQHandler	16	static
stm32wlxx_hal_usart.c:2858:13:USART_DMAAbortOnError	8	static
stm32wlxx_hal_usart.c:2574:13:HAL_USART_AbortCpltCallback	0	static
stm32wlxx_hal_usart.c:2123:19:HAL_USART_Abort_IT	8	static
stm32wlxx_hal_usart.c:2929:13:USART_DMARxAbortCallback	8	static
stm32wlxx_hal_usart.c:2881:13:USART_DMATxAbortCallback	8	static
stm32wlxx_hal_usart.c:2611:24:HAL_USART_GetState	0	static
stm32wlxx_hal_usart.c:2622:10:HAL_USART_GetError	0	static
