stm32wlxx_hal_smartcard.c:2452:13:SMARTCARD_AdvFeatureConfig	0	static
stm32wlxx_hal_smartcard.c:2601:13:SMARTCARD_EndTxTransfer	0	static
stm32wlxx_hal_smartcard.c:2618:13:SMARTCARD_EndRxTransfer	0	static
stm32wlxx_hal_smartcard.c:2635:13:SMARTCARD_DMATransmitCplt	0	static
stm32wlxx_hal_smartcard.c:2907:13:SMARTCARD_TxISR	0	static
stm32wlxx_hal_smartcard.c:2938:13:SMARTCARD_TxISR_FIFOEN	8	static
stm32wlxx_hal_smartcard.c:2325:26:SMARTCARD_SetConfig	8	static
stm32wlxx_hal_smartcard.c:2567:26:SMARTCARD_WaitOnFlagUntilTimeout	32	static
stm32wlxx_hal_smartcard.c:2514:26:SMARTCARD_CheckIdleState	24	static
stm32wlxx_hal_smartcard.c:439:13:HAL_SMARTCARD_MspInit	0	static
stm32wlxx_hal_smartcard.c:316:19:HAL_SMARTCARD_Init	8	static
stm32wlxx_hal_smartcard.c:455:13:HAL_SMARTCARD_MspDeInit	0	static
stm32wlxx_hal_smartcard.c:389:19:HAL_SMARTCARD_DeInit	16	static
stm32wlxx_hal_smartcard.c:802:19:HAL_SMARTCARD_Transmit	32	static
stm32wlxx_hal_smartcard.c:908:19:HAL_SMARTCARD_Receive	32	static
stm32wlxx_hal_smartcard.c:976:19:HAL_SMARTCARD_Transmit_IT	4	static
stm32wlxx_hal_smartcard.c:1070:19:HAL_SMARTCARD_Receive_IT	0	static
stm32wlxx_hal_smartcard.c:1134:19:HAL_SMARTCARD_Transmit_DMA	8	static
stm32wlxx_hal_smartcard.c:1232:19:HAL_SMARTCARD_Receive_DMA	8	static
stm32wlxx_hal_smartcard.c:1312:19:HAL_SMARTCARD_Abort	8	static
stm32wlxx_hal_smartcard.c:1402:19:HAL_SMARTCARD_AbortTransmit	8	static
stm32wlxx_hal_smartcard.c:1465:19:HAL_SMARTCARD_AbortReceive	8	static
stm32wlxx_hal_smartcard.c:2145:13:HAL_SMARTCARD_TxCpltCallback	0	static
stm32wlxx_hal_smartcard.c:2975:13:SMARTCARD_EndTransmit_IT	8	static
stm32wlxx_hal_smartcard.c:2161:13:HAL_SMARTCARD_RxCpltCallback	0	static
stm32wlxx_hal_smartcard.c:3028:13:SMARTCARD_RxISR	8	static
stm32wlxx_hal_smartcard.c:3081:13:SMARTCARD_RxISR_FIFOEN	16	static
stm32wlxx_hal_smartcard.c:2654:13:SMARTCARD_DMAReceiveCplt	8	static
stm32wlxx_hal_smartcard.c:2177:13:HAL_SMARTCARD_ErrorCallback	0	static
stm32wlxx_hal_smartcard.c:2685:13:SMARTCARD_DMAError	8	static
stm32wlxx_hal_smartcard.c:1860:6:HAL_SMARTCARD_IRQHandler	16	static
stm32wlxx_hal_smartcard.c:2725:13:SMARTCARD_DMAAbortOnError	8	static
stm32wlxx_hal_smartcard.c:2193:13:HAL_SMARTCARD_AbortCpltCallback	0	static
stm32wlxx_hal_smartcard.c:1532:19:HAL_SMARTCARD_Abort_IT	8	static
stm32wlxx_hal_smartcard.c:2797:13:SMARTCARD_DMARxAbortCallback	8	static
stm32wlxx_hal_smartcard.c:2748:13:SMARTCARD_DMATxAbortCallback	8	static
stm32wlxx_hal_smartcard.c:2209:13:HAL_SMARTCARD_AbortTransmitCpltCallback	0	static
stm32wlxx_hal_smartcard.c:1672:19:HAL_SMARTCARD_AbortTransmit_IT	8	static
stm32wlxx_hal_smartcard.c:2846:13:SMARTCARD_DMATxOnlyAbortCallback	8	static
stm32wlxx_hal_smartcard.c:2225:13:HAL_SMARTCARD_AbortReceiveCpltCallback	0	static
stm32wlxx_hal_smartcard.c:1767:19:HAL_SMARTCARD_AbortReceive_IT	8	static
stm32wlxx_hal_smartcard.c:2875:13:SMARTCARD_DMARxOnlyAbortCallback	8	static
stm32wlxx_hal_smartcard.c:2264:28:HAL_SMARTCARD_GetState	0	static
stm32wlxx_hal_smartcard.c:2281:10:HAL_SMARTCARD_GetError	0	static
