stm32wlxx_hal_smbus.c:2408:13:SMBUS_Enable_IRQ	0	static
stm32wlxx_hal_smbus.c:2448:13:SMBUS_Disable_IRQ	8	static
stm32wlxx_hal_smbus.c:2677:13:SMBUS_TransferConfig	12	static
stm32wlxx_hal_smbus.c:2700:13:SMBUS_ConvertOtherXferOptions	0	static
stm32wlxx_hal_smbus.c:2627:26:SMBUS_WaitOnFlagUntilTimeout	32	static
stm32wlxx_hal_smbus.c:452:13:HAL_SMBUS_MspInit	0	static
stm32wlxx_hal_smbus.c:282:19:HAL_SMBUS_Init	8	static
stm32wlxx_hal_smbus.c:468:13:HAL_SMBUS_MspDeInit	0	static
stm32wlxx_hal_smbus.c:407:19:HAL_SMBUS_DeInit	8	static
stm32wlxx_hal_smbus.c:487:19:HAL_SMBUS_ConfigAnalogFilter	4	static
stm32wlxx_hal_smbus.c:531:19:HAL_SMBUS_ConfigDigitalFilter	4	static
stm32wlxx_hal_smbus.c:931:19:HAL_SMBUS_Master_Transmit_IT	24	static
stm32wlxx_hal_smbus.c:1037:19:HAL_SMBUS_Master_Receive_IT	24	static
stm32wlxx_hal_smbus.c:1134:19:HAL_SMBUS_Master_Abort_IT	24	static
stm32wlxx_hal_smbus.c:1199:19:HAL_SMBUS_Slave_Transmit_IT	32	static
stm32wlxx_hal_smbus.c:1297:19:HAL_SMBUS_Slave_Receive_IT	32	static
stm32wlxx_hal_smbus.c:1377:19:HAL_SMBUS_EnableListen_IT	8	static
stm32wlxx_hal_smbus.c:1393:19:HAL_SMBUS_DisableListen_IT	8	static
stm32wlxx_hal_smbus.c:1417:19:HAL_SMBUS_EnableAlert_IT	8	static
stm32wlxx_hal_smbus.c:1436:19:HAL_SMBUS_DisableAlert_IT	8	static
stm32wlxx_hal_smbus.c:1457:19:HAL_SMBUS_IsDeviceReady	40	static
stm32wlxx_hal_smbus.c:1687:13:HAL_SMBUS_MasterTxCpltCallback	0	static
stm32wlxx_hal_smbus.c:1703:13:HAL_SMBUS_MasterRxCpltCallback	0	static
stm32wlxx_hal_smbus.c:1718:13:HAL_SMBUS_SlaveTxCpltCallback	0	static
stm32wlxx_hal_smbus.c:1734:13:HAL_SMBUS_SlaveRxCpltCallback	0	static
stm32wlxx_hal_smbus.c:1752:13:HAL_SMBUS_AddrCallback	0	static
stm32wlxx_hal_smbus.c:1771:13:HAL_SMBUS_ListenCpltCallback	0	static
stm32wlxx_hal_smbus.c:1787:13:HAL_SMBUS_ErrorCallback	0	static
stm32wlxx_hal_smbus.c:2520:13:SMBUS_ITErrorHandler	8	static
stm32wlxx_hal_smbus.c:1676:6:HAL_SMBUS_ER_IRQHandler	8	static
stm32wlxx_hal_smbus.c:1859:26:SMBUS_Master_ISR	24	static
stm32wlxx_hal_smbus.c:2146:26:SMBUS_Slave_ISR	24	static
stm32wlxx_hal_smbus.c:1598:6:HAL_SMBUS_EV_IRQHandler	16	static
stm32wlxx_hal_smbus.c:1822:10:HAL_SMBUS_GetState	0	static
stm32wlxx_hal_smbus.c:1834:10:HAL_SMBUS_GetError	0	static
