ImpulseInput.hpp:14:7:ImpulseInput::~ImpulseInput()	0	static
ImpulseInput.hpp:14:7:virtual ImpulseInput::~ImpulseInput()	8	static
ImpulseInput.cpp:10:1:ImpulseInput::ImpulseInput(PIN*, ImpulseInput::Slope, uint32_t, INPUT_PIN::PULL, INPUT_BASIC::LOGIC)	16	static
ImpulseInput.cpp:19:6:void ImpulseInput::init()	8	static
ImpulseInput.cpp:24:6:void ImpulseInput::iterate(uint32_t)	16	static
ImpulseInput.cpp:43:10:uint32_t ImpulseInput::getImpulses()	0	static
ImpulseInput.cpp:51:10:uint32_t ImpulseInput::getSampligTime()	0	static
ImpulseInput.cpp:47:10:uint32_t ImpulseInput::getImpulsesPerMs(uint32_t)	16	static
