SebixUI_MONO_128x64.hpp:142:15:virtual void UIElementGeneric::iterate(ContextManager*)	0	static
SebixUI_MONO_128x64.hpp:143:15:virtual void UIElementGeneric::exiting(ContextManager*)	0	static
SebixUI_MONO_128x64.hpp:144:15:virtual void UIElementGeneric::backFromAbove(ContextManager*)	0	static
SebixUI_MONO_128x64.hpp:146:15:virtual void UIElementGeneric::timeIterate(ContextManager*)	0	static
SebixUI_MONO_128x64.hpp:147:15:virtual void UIElementGeneric::onTimeout(ContextManager*)	0	static
SebixUI_MONO_128x64.hpp:148:15:virtual void UIElementGeneric::onMinuteChangeIterate(ContextManager*)	0	static
SebixUI_MONO_128x64.hpp:149:15:virtual void UIElementGeneric::onExitKeyPressed(ContextManager*)	0	static
SebixUI_MONO_128x64.hpp:150:15:virtual void UIElementGeneric::onOKKeyPressed(ContextManager*)	0	static
SebixUI_MONO_128x64.hpp:151:15:virtual void UIElementGeneric::onEncoderChange(ContextManager*)	0	static
SebixUI_MONO_128x64.cpp:12:1:UIElementGeneric::UIElementGeneric(const char*, uint32_t)	4	static
SebixUI_MONO_128x64.cpp:41:6:void UIElementGeneric::UIinit(ContextManager*)	16	static
SebixUI_MONO_128x64.cpp:48:6:void UIElementGeneric::UIreiterate(ContextManager*)	16	static
SebixUI_MONO_128x64.cpp:100:6:void UIElementGeneric::UIexit(ContextManager*)	8	static
SebixUI_MONO_128x64.cpp:105:6:void UIElementGeneric::drawHeader(ContextManager*)	32	static
SebixUI_MONO_128x64.cpp:111:6:void UIElementGeneric::configUIComponents(bool, bool, bool)	0	static
SebixUI_MONO_128x64.cpp:117:6:bool UIElementGeneric::isTimeOutExpiried(ContextManager*)	16	static
SebixUI_MONO_128x64.cpp:132:1:ContextManager::ContextManager(GenericMonoLCD*, ENCODER*, OUTPUT_ADVENCED*, BUTTON_CLICK*, BUTTON_CLICK*, TIME*)	32	static
SebixUI_MONO_128x64.cpp:145:6:void ContextManager::setFirst(UIElementGeneric*)	0	static
SebixUI_MONO_128x64.cpp:149:19:UIElementGeneric* ContextManager::getActual()	0	static
SebixUI_MONO_128x64.cpp:153:9:uint8_t ContextManager::getStackPosition()	0	static
SebixUI_MONO_128x64.cpp:173:6:bool ContextManager::isEmpty()	0	static
SebixUI_MONO_128x64.cpp:177:6:void ContextManager::select(UIElementGeneric*)	16	static
SebixUI_MONO_128x64.cpp:191:6:void ContextManager::back()	8	static
SebixUI_MONO_128x64.cpp:187:6:void ContextManager::home()	8	static
SebixUI_MONO_128x64.cpp:162:6:void ContextManager::iterate()	8	static
SebixUI_MONO_128x64.cpp:157:6:void ContextManager::iterateForceRef()	8	static
