SebixUI_MONO_128x64.hpp:144:15:virtual void UIElementGeneric::backFromAbove(ContextManager*)	0	static
SebixUI_MONO_128x64.hpp:146:15:virtual void UIElementGeneric::timeIterate(ContextManager*)	0	static
SebixUI_MONO_128x64.hpp:147:15:virtual void UIElementGeneric::onTimeout(ContextManager*)	0	static
SebixUI_MONO_128x64.hpp:148:15:virtual void UIElementGeneric::onMinuteChangeIterate(ContextManager*)	0	static
SebixUI_MONO_128x64.hpp:149:15:virtual void UIElementGeneric::onExitKeyPressed(ContextManager*)	0	static
SebixUI_MONO_128x64.hpp:150:15:virtual void UIElementGeneric::onOKKeyPressed(ContextManager*)	0	static
SebixUI_MONO_128x64.hpp:151:15:virtual void UIElementGeneric::onEncoderChange(ContextManager*)	0	static
ActionEntry.hpp:31:15:virtual void UIActionEntry::initialize(ContextManager*)	0	static
ActionEntry.hpp:33:15:virtual void UIActionEntry::exiting(ContextManager*)	0	static
ActionEntry.hpp:35:15:virtual void UIActionEntry::paint(ContextManager*)	0	static
ActionEntry.hpp:22:7:UIActionEntry::~UIActionEntry()	0	static
ActionEntry.cpp:24:6:virtual void UIActionEntry::iterate(ContextManager*)	16	static
ActionEntry.hpp:22:7:virtual UIActionEntry::~UIActionEntry()	8	static
ActionEntry.cpp:10:1:UIActionEntry::UIActionEntry(const char*, uint32_t)	8	static
ActionEntry.cpp:15:6:void UIActionEntry::registerActionListener(UIActionEntryListener*)	0	static
ActionEntry.cpp:19:6:void UIActionEntry::setHoming(bool)	0	static
