SebixUI_MONO_128x64.hpp:144:15:virtual void UIElementGeneric::backFromAbove(ContextManager*)	0	static
SebixUI_MONO_128x64.hpp:146:15:virtual void UIElementGeneric::timeIterate(ContextManager*)	0	static
SebixUI_MONO_128x64.hpp:147:15:virtual void UIElementGeneric::onTimeout(ContextManager*)	0	static
SebixUI_MONO_128x64.hpp:148:15:virtual void UIElementGeneric::onMinuteChangeIterate(ContextManager*)	0	static
SebixUI_MONO_128x64.hpp:149:15:virtual void UIElementGeneric::onExitKeyPressed(ContextManager*)	0	static
SebixUI_MONO_128x64.hpp:150:15:virtual void UIElementGeneric::onOKKeyPressed(ContextManager*)	0	static
SebixUI_MONO_128x64.hpp:151:15:virtual void UIElementGeneric::onEncoderChange(ContextManager*)	0	static
ParameterCheckbox.hpp:30:15:virtual void UIParameterCheckbox::initialize(ContextManager*)	0	static
ParameterCheckbox.hpp:32:15:virtual void UIParameterCheckbox::exiting(ContextManager*)	0	static
ParameterCheckbox.hpp:33:15:virtual void UIParameterCheckbox::paint(ContextManager*)	0	static
ParameterCheckbox.hpp:22:7:UIParameterCheckbox::~UIParameterCheckbox()	0	static
ParameterCheckbox.cpp:27:6:virtual void UIParameterCheckbox::iterate(ContextManager*)	16	static
ParameterCheckbox.hpp:22:7:virtual UIParameterCheckbox::~UIParameterCheckbox()	8	static
ParameterCheckbox.cpp:11:1:UIParameterCheckbox::UIParameterCheckbox(const char*, PARAMETER_LOGICAL*)	16	static
ParameterCheckbox.cpp:16:6:bool UIParameterCheckbox::isSelected()	8	static
ParameterCheckbox.cpp:24:6:void UIParameterCheckbox::setState(bool)	0	static
