AnalogInput.cpp:12:1:ANALOG_INPUT::ANALOG_INPUT(ADC_CHANNEL*, uint16_t, uint8_t)	4	static
AnalogInput.cpp:32:6:void ANALOG_INPUT::setMapping(int16_t, int16_t, int16_t, int16_t)	4	static
AnalogInput.cpp:28:6:void ANALOG_INPUT::setMapping(int16_t, int16_t)	16	static
AnalogInput.cpp:39:6:void ANALOG_INPUT::disableMapping()	0	static
AnalogInput.cpp:43:9:int32_t ANALOG_INPUT::getValue()	4	static
AnalogInput.cpp:49:9:int32_t ANALOG_INPUT::getValuePm()	8	static
AnalogInput.cpp:53:6:void ANALOG_INPUT::iterate(uint32_t)	16	static
AnalogInput.cpp:70:1:INTERNAL_TEMPERATURE_SENSOR::INTERNAL_TEMPERATURE_SENSOR(ADC_CHANNEL*, uint16_t, uint8_t, uint16_t, uint16_t)	8	static
AnalogInput.cpp:78:10:uint32_t INTERNAL_TEMPERATURE_SENSOR::getTemperature()	8	static
