24C512.cpp:15:6:virtual bool IC_24C512::init()	0	static
24C512.cpp:19:10:virtual uint32_t IC_24C512::getMemoryByteSize()	0	static
24C512.hpp:18:7:IC_24C512::~IC_24C512()	0	static
24C512.hpp:18:7:virtual IC_24C512::~IC_24C512()	8	static
24C512.cpp:9:1:IC_24C512::IC_24C512(I2C*, uint8_t)	4	static
24C512.cpp:180:19:HAL_StatusTypeDef IC_24C512::memReadWithTiming(uint16_t, uint16_t, uint16_t, uint8_t*, uint16_t, uint32_t)	40	static
24C512.cpp:23:6:virtual bool IC_24C512::read(int, int, uint8_t*)	32	static
24C512.cpp:156:19:HAL_StatusTypeDef IC_24C512::memWriteWithTiming(uint16_t, uint16_t, uint16_t, uint8_t*, uint16_t, uint32_t)	184	static
24C512.cpp:65:6:virtual bool IC_24C512::write(int, int, uint8_t*)	48	static
24C512.cpp:103:6:virtual bool IC_24C512::format(int, int)	168	static
24C512.cpp:143:6:virtual bool IC_24C512::formatAll()	160	static
