Input.hpp:23:7:INPUT_BASIC::~INPUT_BASIC()	0	static
Input.cpp:39:6:virtual bool INPUT_BUFFERED::get()	0	static
Input.cpp:77:6:virtual bool INPUT_DEBOUNCED::get()	0	static
Input.hpp:62:7:INPUT_DEBOUNCED::~INPUT_DEBOUNCED()	0	static
Input.hpp:40:7:INPUT_BUFFERED::~INPUT_BUFFERED()	0	static
Input.cpp:16:6:virtual bool INPUT_BASIC::get()	8	static
Input.hpp:23:7:virtual INPUT_BASIC::~INPUT_BASIC()	8	static
Input.hpp:62:7:virtual INPUT_DEBOUNCED::~INPUT_DEBOUNCED()	8	static
Input.hpp:40:7:virtual INPUT_BUFFERED::~INPUT_BUFFERED()	8	static
Input.cpp:11:1:INPUT_BASIC::INPUT_BASIC(PIN*, INPUT_PIN::PULL, INPUT_BASIC::LOGIC)	16	static
Input.cpp:20:6:bool INPUT_BASIC::getPinState()	8	static
Input.cpp:30:1:INPUT_BUFFERED::INPUT_BUFFERED(uint16_t, uint8_t, PIN*, INPUT_PIN::PULL, INPUT_BASIC::LOGIC)	16	static
Input.cpp:54:6:void INPUT_BUFFERED::iterate(uint32_t)	8	static
Input.cpp:69:1:INPUT_DEBOUNCED::INPUT_DEBOUNCED(uint16_t, PIN*, INPUT_PIN::PULL, INPUT_BASIC::LOGIC)	16	static
Input.cpp:81:6:void INPUT_DEBOUNCED::iterate(uint32_t)	16	static
Input.cpp:105:1:BASIC_BINARY_INPUTS::BASIC_BINARY_INPUTS()	0	static
Input.cpp:109:6:void BASIC_BINARY_INPUTS::addInput(INPUT_BASIC&)	0	static
Input.cpp:114:9:uint8_t BASIC_BINARY_INPUTS::get()	16	static
