Output.cpp:30:6:virtual bool OUTPUT_BASIC::get()	0	static
Output.cpp:43:6:virtual void OUTPUT_BASIC::ON()	8	static
Output.cpp:46:6:virtual void OUTPUT_BASIC::OFF()	8	static
Output.hpp:23:7:OUTPUT_BASIC::~OUTPUT_BASIC()	0	static
Output.hpp:52:7:OUTPUT_ADVENCED::~OUTPUT_ADVENCED()	0	static
Output.cpp:38:6:virtual void OUTPUT_BASIC::set(bool)	8	static
Output.cpp:49:6:virtual void OUTPUT_BASIC::toggle()	8	static
Output.cpp:109:6:virtual void OUTPUT_ADVENCED::ON()	8	static
Output.cpp:113:6:virtual void OUTPUT_ADVENCED::OFF()	8	static
Output.hpp:23:7:virtual OUTPUT_BASIC::~OUTPUT_BASIC()	8	static
Output.hpp:52:7:virtual OUTPUT_ADVENCED::~OUTPUT_ADVENCED()	8	static
Output.cpp:10:1:OUTPUT_BASIC::OUTPUT_BASIC(GPIO_TypeDef*, uint16_t, OUTPUT_BASIC::LOGIC, OUTPUT_PIN::MODE)	16	static
Output.cpp:17:1:OUTPUT_BASIC::OUTPUT_BASIC(PIN*, OUTPUT_BASIC::LOGIC, OUTPUT_PIN::MODE)	16	static
Output.cpp:25:6:void OUTPUT_BASIC::init()	8	static
Output.cpp:34:6:bool OUTPUT_BASIC::read()	8	static
Output.cpp:58:6:void OUTPUT_BASIC::overrideSet(bool)	8	static
Output.cpp:62:6:void OUTPUT_BASIC::overrideDisable()	0	static
Output.cpp:71:1:OUTPUT_ADVENCED::OUTPUT_ADVENCED(GPIO_TypeDef*, uint16_t, OUTPUT_BASIC::LOGIC, OUTPUT_PIN::MODE)	24	static
Output.cpp:89:1:OUTPUT_ADVENCED::OUTPUT_ADVENCED(PIN*, OUTPUT_BASIC::LOGIC, OUTPUT_PIN::MODE)	8	static
Output.cpp:121:6:void OUTPUT_ADVENCED::blink(uint32_t, uint32_t, OUTPUT_ADVENCED::CYCLE)	8	static
Output.cpp:118:6:void OUTPUT_ADVENCED::blink(uint32_t, OUTPUT_ADVENCED::CYCLE)	8	static
Output.cpp:136:6:void OUTPUT_ADVENCED::blinkNumber(int, uint32_t, uint32_t, OUTPUT_ADVENCED::CYCLE)	16	static
Output.cpp:133:6:void OUTPUT_ADVENCED::blinkNumber(int, uint32_t, OUTPUT_ADVENCED::CYCLE)	16	static
Output.cpp:161:6:void OUTPUT_ADVENCED::timeSET(uint32_t, bool)	8	static
Output.cpp:148:6:void OUTPUT_ADVENCED::timeON(uint32_t)	8	static
Output.cpp:151:6:void OUTPUT_ADVENCED::timeOFF(uint32_t)	8	static
Output.cpp:154:6:void OUTPUT_ADVENCED::timeTOG(uint32_t)	16	static
Output.cpp:175:28:OUTPUT_ADVENCED::PROCEDURE OUTPUT_ADVENCED::getMode()	0	static
Output.cpp:179:6:void OUTPUT_ADVENCED::playSequence(OUTPUT_ADVENCED::SEQUENCE*, uint16_t)	0	static
Output.cpp:187:6:void OUTPUT_ADVENCED::stopSequence()	0	static
Output.cpp:192:6:void OUTPUT_ADVENCED::iterate(uint32_t)	16	static
