Graphics.cpp:11:1:GraphicsMono::GraphicsMono(GenericMonoLCD*)	0	static
Graphics.cpp:15:6:void GraphicsMono::cls()	8	static
Graphics.cpp:19:6:bool GraphicsMono::ref()	8	static
Graphics.cpp:181:6:void GraphicsMono::drawRectAbs(int16_t, int16_t, int16_t, int16_t)	32	static
Graphics.cpp:188:6:void GraphicsMono::drawFrameAbs(int16_t, int16_t, int16_t, int16_t)	32	static
Graphics.cpp:196:6:void GraphicsMono::clsRectAbs(int16_t, int16_t, int16_t, int16_t)	32	static
Graphics.cpp:127:6:void GraphicsMono::drawBitmap(int16_t, int16_t, const tImage&, GraphicsMono::Bitmap, GraphicsMono::Orientation)	56	static
Graphics.cpp:28:6:void GraphicsMono::drawText(int16_t, int16_t, char*, tFont, GraphicsMono::Text, GraphicsMono::Orientation)	64	static
Graphics.cpp:24:6:void GraphicsMono::drawText(int16_t, int16_t, const char*, tFont, GraphicsMono::Text, GraphicsMono::Orientation)	32	static
Graphics.cpp:205:6:void GraphicsMono::clsRect(int16_t, int16_t, int16_t, int16_t)	16	static
Graphics.cpp:208:6:void GraphicsMono::drawRect(int16_t, int16_t, int16_t, int16_t)	16	static
Graphics.cpp:211:6:void GraphicsMono::drawFrame(int16_t, int16_t, int16_t, int16_t)	16	static
Graphics.cpp:215:6:void GraphicsMono::drawProgressBar(int16_t, int16_t, int16_t, int16_t, uint8_t)	40	static
